// Jest Snapshot v1, https://jestjs.io/docs/snapshot-testing

exports[`withExtendableCache invalidate should be able to invalidate a cached value by key when the cache is to be defined at runtime from inputs 1`] = `
"BadRequestError: invalidate forKey requires cache arg when cache option is extraction function. pass { forKey, cache } or use forInput instead

{"args":{"forKey":"andromeda"}}}"
`;

exports[`withExtendableCache update should be able to update a cached value by key when the cache is to be defined at runtime from inputs 1`] = `
"BadRequestError: update forKey requires cache arg when cache option is extraction function. pass { forKey, cache } or use forInput instead

{"args":{"forKey":"andromeda","toValue":821}}}"
`;
